{
  "Repo": {
    "Link": "https://github.com/sinlov/drone-file-browser-plugin",
    "ShortName": "drone-file-browser-plugin",
    "GroupName": "sinlov",
    "FullName": "sinlov/drone-file-browser-plugin",
    "OwnerName": "sinlov",
    "Scm": "git",
    "RemoteURL": "https://github.com/sinlov/drone-file-browser-plugin.git",
    "HttpUrl": "https://github.com/sinlov/drone-file-browser-plugin.git",
    "SshUrl": "git@github.com:sinlov/drone-file-browser-plugin.git",
    "Host": "github.com",
    "HostName": "github.com"
  },
  "Build": {
    "WorkSpace": "",
    "Status": "success",
    "Number": 1,
    "Tag": "1.5.0",
    "Branch": "",
    "RepoBranch": "",
    "SourceBranch": "",
    "TargetBranch": "",
    "Link": "https://drone.company.com/sinlov/drone-file-browser-plugin/1",
    "Event": "push",
    "StartAt": 1674531206,
    "FinishedAt": 1674532206,
    "PR": "",
    "DeployTo": "",
    "FailedStages": "",
    "FailedSteps": ""
  },
  "Commit": {
    "Link": "https://github.com/sinlov/drone-file-browser-plugin/commit/f5513d4e409730c28ee51ba85d01031d1e3a4eba",
    "Branch": "",
    "Message": "mock message commit\nmore line\nand more line\r\n",
    "Sha": "f5513d4e409730c28ee51ba85d01031d1e3a4eba",
    "Ref": "refs/tags/v1.5.0",
    "Author": {
      "Username": "sinlov",
      "Email": "sinlovgmppt@gmail.com",
      "Name": "sinlov",
      "Avatar": ""
    }
  },
  "Stage": {
    "StartedAt": 1674531206,
    "StartedTime": "2023-01-24-03-33-26",
    "FinishedAt": 1674532106,
    "FinishedTime": "2023-01-24-03-33-26",
    "Machine": "CI-machine",
    "Os": "linux",
    "Arch": "amd64",
    "Variant": "",
    "Type": "docker",
    "Kind": "pipeline",
    "Name": "build"
  },
  "DroneSystem": {
    "Version": "1.0.0",
    "Host": "drone.company.com",
    "HostName": "drone.company.com",
    "Proto": "https"
  }
}